[2022-12-24T20:05:38.769+0100][0.154s] Using G1
[2022-12-24T20:05:39.293+0100][0.679s] Version: 17.0.3+8-LTS-111 (release)
[2022-12-24T20:05:39.293+0100][0.679s] CPUs: 8 total, 8 available
[2022-12-24T20:05:39.293+0100][0.679s] Memory: 16320M
[2022-12-24T20:05:39.293+0100][0.679s] Large Page Support: Enabled
[2022-12-24T20:05:39.293+0100][0.679s] NUMA Support: Disabled
[2022-12-24T20:05:39.293+0100][0.679s] Compressed Oops: Enabled (32-bit)
[2022-12-24T20:05:39.293+0100][0.679s] Heap Region Size: 1M
[2022-12-24T20:05:39.293+0100][0.679s] Heap Min Capacity: 512M
[2022-12-24T20:05:39.293+0100][0.679s] Heap Initial Capacity: 512M
[2022-12-24T20:05:39.293+0100][0.679s] Heap Max Capacity: 512M
[2022-12-24T20:05:39.294+0100][0.679s] Pre-touch: Enabled
[2022-12-24T20:05:39.294+0100][0.679s] Parallel Workers: 8
[2022-12-24T20:05:39.294+0100][0.679s] Concurrent Workers: 2
[2022-12-24T20:05:39.294+0100][0.679s] Concurrent Refinement Workers: 8
[2022-12-24T20:05:39.294+0100][0.679s] Periodic GC: Disabled
[2022-12-24T20:05:39.295+0100][0.680s] CDS archive(s) mapped at: [0x0000000800000000-0x0000000800bc0000-0x0000000800bc0000), size 12320768, SharedBaseAddress: 0x0000000800000000, ArchiveRelocationMode: 0.
[2022-12-24T20:05:39.295+0100][0.680s] Compressed class space mapped at: 0x0000000800c00000-0x0000000840c00000, reserved size: 1073741824
[2022-12-24T20:05:39.295+0100][0.680s] Narrow klass base: 0x0000000800000000, Narrow klass shift: 0, Narrow klass range: 0x100000000
[2022-12-24T20:05:40.015+0100][1.400s] GC(0) Pause Young (Normal) (G1 Evacuation Pause)
[2022-12-24T20:05:40.016+0100][1.401s] GC(0) Using 8 workers of 8 for evacuation
[2022-12-24T20:05:40.018+0100][1.403s] GC(0)   Pre Evacuate Collection Set: 0.1ms
[2022-12-24T20:05:40.018+0100][1.403s] GC(0)   Merge Heap Roots: 0.0ms
[2022-12-24T20:05:40.018+0100][1.403s] GC(0)   Evacuate Collection Set: 2.0ms
[2022-12-24T20:05:40.018+0100][1.403s] GC(0)   Post Evacuate Collection Set: 0.3ms
[2022-12-24T20:05:40.018+0100][1.403s] GC(0)   Other: 0.6ms
[2022-12-24T20:05:40.018+0100][1.403s] GC(0) Eden regions: 29->0(43)
[2022-12-24T20:05:40.018+0100][1.403s] GC(0) Survivor regions: 0->4(4)
[2022-12-24T20:05:40.018+0100][1.403s] GC(0) Old regions: 0->0
[2022-12-24T20:05:40.018+0100][1.403s] GC(0) Archive regions: 0->0
[2022-12-24T20:05:40.018+0100][1.403s] GC(0) Humongous regions: 0->0
[2022-12-24T20:05:40.018+0100][1.403s] GC(0) Metaspace: 5944K(6144K)->5944K(6144K) NonClass: 5285K(5376K)->5285K(5376K) Class: 658K(768K)->658K(768K)
[2022-12-24T20:05:40.018+0100][1.403s] GC(0) Pause Young (Normal) (G1 Evacuation Pause) 29M->3M(512M) 3.235ms
[2022-12-24T20:05:40.018+0100][1.404s] GC(0) User=0.00s Sys=0.00s Real=0.00s
[2022-12-24T20:05:45.104+0100][6.489s] GC(1) Pause Young (Normal) (G1 Evacuation Pause)
[2022-12-24T20:05:45.104+0100][6.489s] GC(1) Using 8 workers of 8 for evacuation
[2022-12-24T20:05:45.111+0100][6.495s] GC(1)   Pre Evacuate Collection Set: 0.1ms
[2022-12-24T20:05:45.111+0100][6.495s] GC(1)   Merge Heap Roots: 0.0ms
[2022-12-24T20:05:45.111+0100][6.495s] GC(1)   Evacuate Collection Set: 6.1ms
[2022-12-24T20:05:45.111+0100][6.495s] GC(1)   Post Evacuate Collection Set: 0.4ms
[2022-12-24T20:05:45.111+0100][6.495s] GC(1)   Other: 0.1ms
[2022-12-24T20:05:45.111+0100][6.495s] GC(1) Eden regions: 43->0(301)
[2022-12-24T20:05:45.111+0100][6.495s] GC(1) Survivor regions: 4->6(6)
[2022-12-24T20:05:45.111+0100][6.495s] GC(1) Old regions: 0->8
[2022-12-24T20:05:45.111+0100][6.495s] GC(1) Archive regions: 0->0
[2022-12-24T20:05:45.111+0100][6.495s] GC(1) Humongous regions: 4->4
[2022-12-24T20:05:45.111+0100][6.496s] GC(1) Metaspace: 15345K(15616K)->15345K(15616K) NonClass: 13551K(13696K)->13551K(13696K) Class: 1793K(1920K)->1793K(1920K)
[2022-12-24T20:05:45.111+0100][6.496s] GC(1) Pause Young (Normal) (G1 Evacuation Pause) 50M->17M(512M) 6.858ms
[2022-12-24T20:05:45.111+0100][6.496s] GC(1) User=0.05s Sys=0.00s Real=0.01s
[2022-12-24T20:05:46.052+0100][7.437s] GC(2) Pause Young (Concurrent Start) (Metadata GC Threshold)
[2022-12-24T20:05:46.052+0100][7.437s] GC(2) Using 8 workers of 8 for evacuation
[2022-12-24T20:05:46.056+0100][7.441s] GC(2)   Pre Evacuate Collection Set: 0.1ms
[2022-12-24T20:05:46.056+0100][7.441s] GC(2)   Merge Heap Roots: 0.1ms
[2022-12-24T20:05:46.056+0100][7.441s] GC(2)   Evacuate Collection Set: 3.3ms
[2022-12-24T20:05:46.056+0100][7.441s] GC(2)   Post Evacuate Collection Set: 0.6ms
[2022-12-24T20:05:46.056+0100][7.441s] GC(2)   Other: 0.3ms
[2022-12-24T20:05:46.056+0100][7.441s] GC(2) Eden regions: 247->0(296)
[2022-12-24T20:05:46.056+0100][7.441s] GC(2) Survivor regions: 6->11(39)
[2022-12-24T20:05:46.056+0100][7.441s] GC(2) Old regions: 8->8
[2022-12-24T20:05:46.056+0100][7.441s] GC(2) Archive regions: 0->0
[2022-12-24T20:05:46.056+0100][7.441s] GC(2) Humongous regions: 4->4
[2022-12-24T20:05:46.056+0100][7.441s] GC(2) Metaspace: 21176K(21504K)->21176K(21504K) NonClass: 18786K(18944K)->18786K(18944K) Class: 2389K(2560K)->2389K(2560K)
[2022-12-24T20:05:46.056+0100][7.441s] GC(2) Pause Young (Concurrent Start) (Metadata GC Threshold) 264M->22M(512M) 4.492ms
[2022-12-24T20:05:46.056+0100][7.441s] GC(2) User=0.00s Sys=0.00s Real=0.00s
[2022-12-24T20:05:46.056+0100][7.441s] GC(3) Concurrent Mark Cycle
[2022-12-24T20:05:46.056+0100][7.441s] GC(3) Concurrent Clear Claimed Marks
[2022-12-24T20:05:46.056+0100][7.441s] GC(3) Concurrent Clear Claimed Marks 0.031ms
[2022-12-24T20:05:46.056+0100][7.441s] GC(3) Concurrent Scan Root Regions
[2022-12-24T20:05:46.059+0100][7.444s] GC(3) Concurrent Scan Root Regions 2.571ms
[2022-12-24T20:05:46.059+0100][7.444s] GC(3) Concurrent Mark
[2022-12-24T20:05:46.059+0100][7.444s] GC(3) Concurrent Mark From Roots
[2022-12-24T20:05:46.059+0100][7.444s] GC(3) Using 2 workers of 2 for marking
[2022-12-24T20:05:46.067+0100][7.452s] GC(3) Concurrent Mark From Roots 8.382ms
[2022-12-24T20:05:46.068+0100][7.452s] GC(3) Concurrent Preclean
[2022-12-24T20:05:46.068+0100][7.452s] GC(3) Concurrent Preclean 0.171ms
[2022-12-24T20:05:46.068+0100][7.453s] GC(3) Pause Remark
[2022-12-24T20:05:46.069+0100][7.454s] GC(3) Pause Remark 25M->25M(512M) 1.468ms
[2022-12-24T20:05:46.069+0100][7.454s] GC(3) User=0.00s Sys=0.00s Real=0.00s
[2022-12-24T20:05:46.069+0100][7.454s] GC(3) Concurrent Mark 10.301ms
[2022-12-24T20:05:46.069+0100][7.454s] GC(3) Concurrent Rebuild Remembered Sets
[2022-12-24T20:05:46.073+0100][7.458s] GC(3) Concurrent Rebuild Remembered Sets 4.026ms
[2022-12-24T20:05:46.074+0100][7.458s] GC(3) Pause Cleanup
[2022-12-24T20:05:46.074+0100][7.458s] GC(3) Pause Cleanup 26M->26M(512M) 0.178ms
[2022-12-24T20:05:46.074+0100][7.459s] GC(3) User=0.00s Sys=0.00s Real=0.00s
[2022-12-24T20:05:46.074+0100][7.459s] GC(3) Concurrent Cleanup for Next Mark
[2022-12-24T20:05:46.074+0100][7.459s] GC(3) Concurrent Cleanup for Next Mark 0.385ms
[2022-12-24T20:05:46.074+0100][7.459s] GC(3) Concurrent Mark Cycle 17.949ms
[2022-12-24T20:06:05.671+0100][27.055s] GC(4) Pause Young (Normal) (G1 Evacuation Pause)
[2022-12-24T20:06:05.671+0100][27.055s] GC(4) Using 8 workers of 8 for evacuation
[2022-12-24T20:06:05.676+0100][27.061s] GC(4)   Pre Evacuate Collection Set: 0.1ms
[2022-12-24T20:06:05.677+0100][27.061s] GC(4)   Merge Heap Roots: 0.1ms
[2022-12-24T20:06:05.677+0100][27.061s] GC(4)   Evacuate Collection Set: 5.1ms
[2022-12-24T20:06:05.677+0100][27.061s] GC(4)   Post Evacuate Collection Set: 0.5ms
[2022-12-24T20:06:05.677+0100][27.062s] GC(4)   Other: 0.2ms
[2022-12-24T20:06:05.677+0100][27.062s] GC(4) Eden regions: 296->0(290)
[2022-12-24T20:06:05.677+0100][27.062s] GC(4) Survivor regions: 11->17(39)
[2022-12-24T20:06:05.677+0100][27.062s] GC(4) Old regions: 8->8
[2022-12-24T20:06:05.677+0100][27.062s] GC(4) Archive regions: 0->0
[2022-12-24T20:06:05.677+0100][27.062s] GC(4) Humongous regions: 4->4
[2022-12-24T20:06:05.677+0100][27.062s] GC(4) Metaspace: 32467K(32896K)->32467K(32896K) NonClass: 28603K(28800K)->28603K(28800K) Class: 3863K(4096K)->3863K(4096K)
[2022-12-24T20:06:05.677+0100][27.062s] GC(4) Pause Young (Normal) (G1 Evacuation Pause) 318M->27M(512M) 6.294ms
[2022-12-24T20:06:05.677+0100][27.062s] GC(4) User=0.00s Sys=0.00s Real=0.01s
[2022-12-24T20:06:05.990+0100][27.375s] GC(5) Pause Young (Concurrent Start) (Metadata GC Threshold)
[2022-12-24T20:06:05.990+0100][27.375s] GC(5) Using 8 workers of 8 for evacuation
[2022-12-24T20:06:05.996+0100][27.381s] GC(5)   Pre Evacuate Collection Set: 0.1ms
[2022-12-24T20:06:05.996+0100][27.381s] GC(5)   Merge Heap Roots: 0.1ms
[2022-12-24T20:06:05.996+0100][27.381s] GC(5)   Evacuate Collection Set: 5.2ms
[2022-12-24T20:06:05.996+0100][27.381s] GC(5)   Post Evacuate Collection Set: 0.5ms
[2022-12-24T20:06:05.996+0100][27.381s] GC(5)   Other: 0.2ms
[2022-12-24T20:06:05.996+0100][27.381s] GC(5) Eden regions: 110->0(290)
[2022-12-24T20:06:05.996+0100][27.381s] GC(5) Survivor regions: 17->17(39)
[2022-12-24T20:06:05.996+0100][27.381s] GC(5) Old regions: 8->8
[2022-12-24T20:06:05.996+0100][27.381s] GC(5) Archive regions: 0->0
[2022-12-24T20:06:05.996+0100][27.381s] GC(5) Humongous regions: 4->4
[2022-12-24T20:06:05.996+0100][27.381s] GC(5) Metaspace: 35821K(36160K)->35821K(36160K) NonClass: 31463K(31616K)->31463K(31616K) Class: 4358K(4544K)->4358K(4544K)
[2022-12-24T20:06:05.996+0100][27.381s] GC(5) Pause Young (Concurrent Start) (Metadata GC Threshold) 137M->28M(512M) 6.229ms
[2022-12-24T20:06:05.996+0100][27.381s] GC(5) User=0.11s Sys=0.00s Real=0.01s
[2022-12-24T20:06:05.996+0100][27.381s] GC(6) Concurrent Mark Cycle
[2022-12-24T20:06:05.996+0100][27.381s] GC(6) Concurrent Clear Claimed Marks
[2022-12-24T20:06:05.996+0100][27.381s] GC(6) Concurrent Clear Claimed Marks 0.037ms
[2022-12-24T20:06:05.996+0100][27.381s] GC(6) Concurrent Scan Root Regions
[2022-12-24T20:06:06.001+0100][27.385s] GC(6) Concurrent Scan Root Regions 4.493ms
[2022-12-24T20:06:06.001+0100][27.385s] GC(6) Concurrent Mark
[2022-12-24T20:06:06.001+0100][27.385s] GC(6) Concurrent Mark From Roots
[2022-12-24T20:06:06.001+0100][27.385s] GC(6) Using 2 workers of 2 for marking
[2022-12-24T20:06:06.009+0100][27.394s] GC(6) Concurrent Mark From Roots 8.385ms
[2022-12-24T20:06:06.009+0100][27.394s] GC(6) Concurrent Preclean
[2022-12-24T20:06:06.009+0100][27.394s] GC(6) Concurrent Preclean 0.234ms
[2022-12-24T20:06:06.009+0100][27.394s] GC(6) Pause Remark
[2022-12-24T20:06:06.011+0100][27.396s] GC(6) Pause Remark 34M->34M(512M) 1.816ms
[2022-12-24T20:06:06.011+0100][27.396s] GC(6) User=0.09s Sys=0.02s Real=0.00s
[2022-12-24T20:06:06.011+0100][27.396s] GC(6) Concurrent Mark 10.801ms
[2022-12-24T20:06:06.011+0100][27.396s] GC(6) Concurrent Rebuild Remembered Sets
[2022-12-24T20:06:06.015+0100][27.400s] GC(6) Concurrent Rebuild Remembered Sets 3.876ms
[2022-12-24T20:06:06.015+0100][27.400s] GC(6) Pause Cleanup
[2022-12-24T20:06:06.016+0100][27.400s] GC(6) Pause Cleanup 35M->35M(512M) 0.093ms
[2022-12-24T20:06:06.016+0100][27.400s] GC(6) User=0.00s Sys=0.00s Real=0.00s
[2022-12-24T20:06:06.016+0100][27.400s] GC(6) Concurrent Cleanup for Next Mark
[2022-12-24T20:06:06.016+0100][27.401s] GC(6) Concurrent Cleanup for Next Mark 0.349ms
[2022-12-24T20:06:06.016+0100][27.401s] GC(6) Concurrent Mark Cycle 20.008ms
[2022-12-24T20:06:26.403+0100][47.789s] Heap
[2022-12-24T20:06:26.404+0100][47.789s]  garbage-first heap   total 524288K, used 279090K [0x00000000e0000000, 0x0000000100000000)
[2022-12-24T20:06:26.404+0100][47.789s]   region size 1024K, 261 young (267264K), 17 survivors (17408K)
[2022-12-24T20:06:26.404+0100][47.789s]  Metaspace       used 43448K, committed 43776K, reserved 1089536K
[2022-12-24T20:06:26.404+0100][47.789s]   class space    used 5326K, committed 5504K, reserved 1048576K
